// Jest Snapshot v1, https://goo.gl/fbAQLP

exports[`StartExperience.vue matches experience snapshot 1`] = `
<section id="experience" class="resume-section p-3 px-lg-5 d-flex flex-column">
  <div class="my-auto">
    <h2 class="heading heading-2 start-experience-header mb-4 mb-md-3">Experience</h2>
    <div class="resume-item d-flex flex-column mb-2">
      <h2 class="heading heading-2 start-experience-type mb-3">software</h2>
      <div class="resume-item d-flex flex-column flex-md-row mb-3">
        <div class="resume-content mr-auto">
          <h3 class="heading heading-3 mb-0">sample position</h3>
          <div class="start-company subheading mb-3">sample company</div>
          <div>
            <p class="job-1-description-1">description part 1</p>
          </div>
          <div>
            <p class="job-1-description-2">description part 2</p>
          </div>
          <div>
            <p class="job-1-description-3">description part 3</p>
          </div>
        </div>
        <div class="resume-date text-md-right mt-1"><span class="text-primary">sample startDate - sample endDate</span></div>
      </div>
    </div>
    <div class="resume-item d-flex flex-column mb-2">
      <h2 class="heading heading-2 start-experience-type mb-3">language</h2>
      <div class="resume-item d-flex flex-column flex-md-row mb-3">
        <div class="resume-content mr-auto">
          <h3 class="heading heading-3 mb-0">sample position</h3>
          <div class="start-company subheading mb-3">sample company</div>
          <div>
            <p class="job-1-description-1">description part 1</p>
          </div>
          <div>
            <p class="job-1-description-2">description part 2</p>
          </div>
          <div>
            <p class="job-1-description-3">description part 3</p>
          </div>
        </div>
        <div class="resume-date text-md-right mt-1"><span class="text-primary">sample startDate - sample endDate</span></div>
      </div>
    </div>
    <div class="resume-item d-flex flex-column mb-2">
      <h2 class="heading heading-2 start-experience-type mb-3">sales</h2>
      <div class="resume-item d-flex flex-column flex-md-row mb-3">
        <div class="resume-content mr-auto">
          <h3 class="heading heading-3 mb-0">sample position</h3>
          <div class="start-company subheading mb-3">sample company</div>
          <div>
            <p class="job-1-description-1">description part 1</p>
          </div>
          <div>
            <p class="job-1-description-2">description part 2</p>
          </div>
          <div>
            <p class="job-1-description-3">description part 3</p>
          </div>
        </div>
        <div class="resume-date text-md-right mt-1"><span class="text-primary">sample startDate - sample endDate</span></div>
      </div>
    </div>
    <div class="resume-item d-flex flex-column mb-2">
      <h2 class="heading heading-2 start-experience-type mb-3">hospitality</h2>
      <div class="resume-item d-flex flex-column flex-md-row mb-3">
        <div class="resume-content mr-auto">
          <h3 class="heading heading-3 mb-0">sample position</h3>
          <div class="start-company subheading mb-3">sample company</div>
          <div>
            <p class="job-1-description-1">description part 1</p>
          </div>
          <div>
            <p class="job-1-description-2">description part 2</p>
          </div>
          <div>
            <p class="job-1-description-3">description part 3</p>
          </div>
        </div>
        <div class="resume-date text-md-right mt-1"><span class="text-primary">sample startDate - sample endDate</span></div>
      </div>
    </div>
  </div>
</section>
`;
