// Jest Snapshot v1, https://goo.gl/fbAQLP

exports[`StartEducation.vue matches education snapshot 1`] = `
<section id="education" class="resume-section p-3 px-lg-5 d-flex flex-column">
  <div class="my-auto">
    <h2 class="heading heading-2 mb-4">Education</h2>
    <div class="resume-item d-flex flex-column flex-md-row mb-4">
      <div class="resume-content mr-auto">
        <h3 class="heading heading-3 mb-0">sample institution</h3>
        <div class="start-degree subheading mb-3">sample degree</div>
        <div class="start-education-details">sample details</div>
      </div>
      <div class="resume-date text-md-right mt-1"><span class="text-primary">sample focus</span></div>
    </div>
    <div class="resume-item d-flex flex-column flex-md-row mb-4">
      <div class="resume-content mr-auto">
        <h3 class="heading heading-3 mb-0">sample institution</h3>
        <div class="start-degree subheading mb-3">sample degree</div>
        <div class="start-education-details">sample details</div>
      </div>
      <div class="resume-date text-md-right mt-1"><span class="text-primary">sample focus</span></div>
    </div>
    <div class="resume-item d-flex flex-column flex-md-row mb-4">
      <div class="resume-content mr-auto">
        <h3 class="heading heading-3 mb-0">sample institution</h3>
        <div class="start-degree subheading mb-3">sample degree</div>
        <div class="start-education-details">sample details</div>
      </div>
      <div class="resume-date text-md-right mt-1"><span class="text-primary">sample focus</span></div>
    </div>
  </div>
</section>
`;
