// Jest Snapshot v1, https://goo.gl/fbAQLP

exports[`StartInterests.vue matches snapshot 1`] = `
<section id="interests" class="resume-section p-3 px-lg-5 d-flex flex-column">
  <div class="my-auto">
    <h2 class="heading heading-2 mb-4 mb-md-3">Interests</h2>
    <p class="mb-4">sample interests</p>
  </div>
</section>
`;
