// Jest Snapshot v1, https://goo.gl/fbAQLP

exports[`PDFBorder.vue matches snapshot 1`] = `<hr style="border-width: 0.25rem; margin: 0.5rem;">`;
