// Jest Snapshot v1, https://goo.gl/fbAQLP

exports[`StartAwards.vue matches renderPDF snapshot 1`] = `
<section id="awards" class="resume-section-render ml-3 mx-2 mt-2">
  <div class="my-auto">
    <h4 class="heading heading-4 mb-2" style="font-family: 'Saira Extra Condensed';">Natural Languages</h4>
    <div class="d-flex flex-row ml-2 justify-content-around"><span class="language-type-render d-flex"><i class="fluent language-icon fa fa-flag mb-auto mr-2"></i> <span style="font-family: 'Open Sans';">Mandarin Chinese, French (Fluent) </span></span><span class="language-type-render d-flex"><i class="workingKnowledge language-icon fa fa-flag mb-auto mr-2"></i> <span style="font-family: 'Open Sans';">German, Portuguese (Working Knowledge) </span></span><span class="language-type-render d-flex"><i class="proficient language-icon fa fa-flag mb-auto mr-2"></i> <span style="font-family: 'Open Sans';">Italian (Proficient) </span></span><span class="language-type-render d-flex"><i class="native language-icon fa fa-flag mb-auto mr-2"></i> <span style="font-family: 'Open Sans';">English, Spanish, Tagalog (Native) </span></span> <span class="language-type-render d-flex"><i class="award-icon fa fa-trophy mb-auto mr-2"></i> <span style="font-family: 'Open Sans';">Certified Interpreter</span></span></div>
  </div>
</section>
`;

exports[`StartAwards.vue matches snapshot 1`] = `
<section id="awards" class="resume-section ml-4 mt-2">
  <div class="my-auto">
    <h4 class="heading heading-4 mb-4 ml-1" style="font-family: 'Saira Extra Condensed';">Natural Languages</h4>
    <div class="d-flex flex-column ml-3"><span class="d-flex"><i class="fluent language-icon fa fa-flag mb-auto mr-2"></i> <span style="font-family: 'Open Sans';">Mandarin Chinese, French (Fluent) </span></span><span class="d-flex"><i class="workingKnowledge language-icon fa fa-flag mb-auto mr-2"></i> <span style="font-family: 'Open Sans';">German, Portuguese (Working Knowledge) </span></span><span class="d-flex"><i class="proficient language-icon fa fa-flag mb-auto mr-2"></i> <span style="font-family: 'Open Sans';">Italian (Proficient) </span></span><span class="d-flex"><i class="native language-icon fa fa-flag mb-auto mr-2"></i> <span style="font-family: 'Open Sans';">English, Spanish, Tagalog (Native) </span></span> <span class="language-type-render d-flex"><i class="award-icon fa fa-trophy mb-auto mr-2"></i> <span style="font-family: 'Open Sans';">Certified Interpreter</span></span></div>
  </div>
</section>
`;
